// Jest Snapshot v1, https://goo.gl/fbAQLP

exports[`RegisterButton Link matches snapshot 1`] = `
<a
  href="/register"
  onClick={[Function]}
>
  Register
</a>
`;
